This is XeTeX, Version 3.141592653-2.6-0.999998 (TeX Live 2026) (preloaded format=xelatex)
 restricted \write18 enabled.
entering extended mode
(./main.tex
LaTeX2e <2026-06-01>
L3 programming layer <2026-05-26>
(./cumcmthesis.cls
Document Class: cumcmthesis 2024/01/01 CUMCM Thesis Template
(c:/texlive/2026/texmf-dist/tex/latex/base/article.cls
Document Class: article 2025/01/22 v1.4n Standard LaTeX document class
(c:/texlive/2026/texmf-dist/tex/latex/base/size12.clo))
(c:/texlive/2026/texmf-dist/tex/latex/ctex/ctex.sty
(c:/texlive/2026/texmf-dist/tex/latex/l3kernel/expl3.sty
(c:/texlive/2026/texmf-dist/tex/latex/l3backend/l3backend-xetex.def))
(c:/texlive/2026/texmf-dist/tex/latex/ctex/ctexhook.sty)
(c:/texlive/2026/texmf-dist/tex/latex/ctex/ctexpatch.sty)
(c:/texlive/2026/texmf-dist/tex/latex/base/fix-cm.sty
(c:/texlive/2026/texmf-dist/tex/latex/base/ts1enc.def))
(c:/texlive/2026/texmf-dist/tex/latex/ctex/config/ctexopts.cfg)
(c:/texlive/2026/texmf-dist/tex/latex/ctex/engine/ctex-engine-xetex.def
(c:/texlive/2026/texmf-dist/tex/xelatex/xecjk/xeCJK.sty
(c:/texlive/2026/texmf-dist/tex/latex/l3packages/xtemplate/xtemplate.sty)
(c:/texlive/2026/texmf-dist/tex/latex/fontspec/fontspec.sty
(c:/texlive/2026/texmf-dist/tex/latex/l3packages/xparse/xparse.sty)
(c:/texlive/2026/texmf-dist/tex/latex/fontspec/fontspec-xetex.sty
(c:/texlive/2026/texmf-dist/tex/latex/base/fontenc.sty)
(c:/texlive/2026/texmf-dist/tex/latex/fontspec/fontspec.cfg)))
(c:/texlive/2026/texmf-dist/tex/xelatex/xecjk/xeCJK.cfg)))
(c:/texlive/2026/texmf-dist/tex/latex/zhnumber/zhnumber.sty
(c:/texlive/2026/texmf-dist/tex/latex/zhnumber/zhnumber-utf8.cfg))
(c:/texlive/2026/texmf-dist/tex/latex/ctex/heading/ctex-heading-article.def
(c:/texlive/2026/texmf-dist/tex/latex/ctex/scheme/ctex-scheme-chinese-article.d
ef (c:/texlive/2026/texmf-dist/tex/latex/ctex/config/ctex-name-utf8.cfg)))
(c:/texlive/2026/texmf-dist/tex/latex/ctex/ctex-c5size.clo)
(c:/texlive/2026/texmf-dist/tex/latex/ctex/fontset/ctex-fontset-windows.def))
(c:/texlive/2026/texmf-dist/tex/latex/ctex/config/ctex.cfg)
(c:/texlive/2026/texmf-dist/tex/latex/geometry/geometry.sty
(c:/texlive/2026/texmf-dist/tex/latex/graphics/keyval.sty)
(c:/texlive/2026/texmf-dist/tex/generic/iftex/ifvtex.sty
(c:/texlive/2026/texmf-dist/tex/generic/iftex/iftex.sty)))
(c:/texlive/2026/texmf-dist/tex/latex/fancyhdr/fancyhdr.sty)
(c:/texlive/2026/texmf-dist/tex/latex/amsmath/amsmath.sty
For additional information on amsmath, use the `?' option.
(c:/texlive/2026/texmf-dist/tex/latex/amsmath/amstext.sty
(c:/texlive/2026/texmf-dist/tex/latex/amsmath/amsgen.sty))
(c:/texlive/2026/texmf-dist/tex/latex/amsmath/amsbsy.sty)
(c:/texlive/2026/texmf-dist/tex/latex/amsmath/amsopn.sty))
(c:/texlive/2026/texmf-dist/tex/latex/amsfonts/amssymb.sty
(c:/texlive/2026/texmf-dist/tex/latex/amsfonts/amsfonts.sty))
(c:/texlive/2026/texmf-dist/tex/latex/graphics/graphicx.sty
(c:/texlive/2026/texmf-dist/tex/latex/graphics/graphics.sty
(c:/texlive/2026/texmf-dist/tex/latex/graphics/trig.sty)
(c:/texlive/2026/texmf-dist/tex/latex/graphics-cfg/graphics.cfg)
(c:/texlive/2026/texmf-dist/tex/latex/graphics-def/xetex.def)))
(c:/texlive/2026/texmf-dist/tex/latex/booktabs/booktabs.sty)
(c:/texlive/2026/texmf-dist/tex/latex/float/float.sty)
(c:/texlive/2026/texmf-dist/tex/latex/hyperref/hyperref.sty
(c:/texlive/2026/texmf-dist/tex/latex/kvsetkeys/kvsetkeys.sty)
(c:/texlive/2026/texmf-dist/tex/generic/kvdefinekeys/kvdefinekeys.sty)
(c:/texlive/2026/texmf-dist/tex/generic/pdfescape/pdfescape.sty
(c:/texlive/2026/texmf-dist/tex/generic/ltxcmds/ltxcmds.sty)
(c:/texlive/2026/texmf-dist/tex/generic/pdftexcmds/pdftexcmds.sty
(c:/texlive/2026/texmf-dist/tex/generic/infwarerr/infwarerr.sty)))
(c:/texlive/2026/texmf-dist/tex/latex/hycolor/hycolor.sty)
(c:/texlive/2026/texmf-dist/tex/latex/hyperref/nameref.sty
(c:/texlive/2026/texmf-dist/tex/latex/refcount/refcount.sty)
(c:/texlive/2026/texmf-dist/tex/generic/gettitlestring/gettitlestring.sty
(c:/texlive/2026/texmf-dist/tex/latex/kvoptions/kvoptions.sty)))
(c:/texlive/2026/texmf-dist/tex/latex/etoolbox/etoolbox.sty)
(c:/texlive/2026/texmf-dist/tex/generic/stringenc/stringenc.sty)
(c:/texlive/2026/texmf-dist/tex/latex/hyperref/pd1enc.def)
(c:/texlive/2026/texmf-dist/tex/generic/intcalc/intcalc.sty)
(c:/texlive/2026/texmf-dist/tex/latex/hyperref/puenc.def)
(c:/texlive/2026/texmf-dist/tex/latex/url/url.sty)
(c:/texlive/2026/texmf-dist/tex/generic/bitset/bitset.sty
(c:/texlive/2026/texmf-dist/tex/generic/bigintcalc/bigintcalc.sty)))
(c:/texlive/2026/texmf-dist/tex/latex/hyperref/hxetex.def
(c:/texlive/2026/texmf-dist/tex/latex/rerunfilecheck/rerunfilecheck.sty
(c:/texlive/2026/texmf-dist/tex/generic/uniquecounter/uniquecounter.sty)))
(c:/texlive/2026/texmf-dist/tex/latex/xcolor/xcolor.sty
(c:/texlive/2026/texmf-dist/tex/latex/graphics-cfg/color.cfg)
(c:/texlive/2026/texmf-dist/tex/latex/graphics/mathcolor.ltx)))
(c:/texlive/2026/texmf-dist/tex/latex/multirow/multirow.sty)
(c:/texlive/2026/texmf-dist/tex/latex/tools/longtable.sty)
(c:/texlive/2026/texmf-dist/tex/latex/tools/tabularx.sty
(c:/texlive/2026/texmf-dist/tex/latex/tools/array.sty))
(c:/texlive/2026/texmf-dist/tex/latex/caption/subcaption.sty
(c:/texlive/2026/texmf-dist/tex/latex/caption/caption.sty
(c:/texlive/2026/texmf-dist/tex/latex/caption/caption3.sty)
(c:/texlive/2026/texmf-dist/tex/latex/caption/ltcaption.sty)))
(c:/texlive/2026/texmf-dist/tex/latex/listings/listings.sty
(c:/texlive/2026/texmf-dist/tex/latex/listings/lstpatch.sty)
(c:/texlive/2026/texmf-dist/tex/latex/listings/lstmisc.sty)
(c:/texlive/2026/texmf-dist/tex/latex/listings/listings.cfg))
(c:/texlive/2026/texmf-dist/tex/xelatex/xecjk/xeCJK-listings.sty) (./main.aux)
*geometry* driver: auto-detecting
*geometry* detected driver: xetex
(./main.out) (./main.out) (./sections/abstract.tex
(c:/texlive/2026/texmf-dist/tex/latex/amsfonts/umsa.fd)
(c:/texlive/2026/texmf-dist/tex/latex/amsfonts/umsb.fd)) [1]
(./sections/problem_restatement.tex) (./sections/problem_analysis.tex [2])
(./sections/assumptions.tex) (./sections/symbols.tex [3] [4])
(./sections/model_solution.tex [5] [6] [7] [8]) (./sections/sensitivity.tex
[9]) (./sections/evaluation.tex [10]) [11] (./sections/appendix.tex)
(./main.bbl) [12] (./main.aux) )
Output written on main.pdf (12 pages).
Transcript written on main.log.
