\BOOKMARK [1][-]{section*.1}{\376\377\144\130\211\201}{}% 1
\BOOKMARK [1][-]{section.1}{\376\377\225\356\230\230\221\315\217\360}{}% 2
\BOOKMARK [1][-]{section.2}{\376\377\225\356\230\230\122\006\147\220}{}% 3
\BOOKMARK [2][-]{subsection.2.1}{\376\377\225\356\230\230\116\000\377\032\230\204\155\113\116\016\147\053\172\357\214\003\136\246\122\006\171\273}{section.2}% 4
\BOOKMARK [2][-]{subsection.2.2}{\376\377\225\356\230\230\116\214\377\032\116\224\116\052\145\271\124\021\166\204\147\011\226\120\116\373\122\241\220\273\127\337}{section.2}% 5
\BOOKMARK [2][-]{subsection.2.3}{\376\377\225\356\230\230\116\011\377\032\126\372\133\232\215\037\203\167\116\013\166\204\171\273\145\143\000\040\000S\000O\000C\000\040\122\250\140\001\211\304\122\022}{section.2}% 6
\BOOKMARK [2][-]{subsection.2.4}{\376\377\225\356\230\230\126\333\377\032\143\011\140\305\146\157\122\250\140\001\221\315\136\372\220\273\127\337}{section.2}% 7
\BOOKMARK [2][-]{subsection.2.5}{\376\377\126\333\225\356\210\124\143\245\116\016\213\301\143\156\217\271\165\114}{section.2}% 8
\BOOKMARK [1][-]{section.3}{\376\377\152\041\127\213\120\107\213\276}{}% 9
\BOOKMARK [1][-]{section.4}{\376\377\173\046\123\367\213\364\146\016}{}% 10
\BOOKMARK [1][-]{section.5}{\376\377\152\041\127\213\166\204\136\372\172\313\116\016\154\102\211\343}{}% 11
\BOOKMARK [2][-]{subsection.5.1}{\376\377\176\337\116\000\145\366\225\364\060\001\215\104\156\220\116\016\200\375\156\220\123\343\137\204}{section.5}% 12
\BOOKMARK [2][-]{subsection.5.2}{\376\377\225\356\230\230\116\000\377\032\116\045\150\074\225\355\163\257\230\204\155\113\116\016\127\372\170\100\214\003\136\246}{section.5}% 13
\BOOKMARK [3][-]{subsubsection.5.2.1}{\376\377\120\031\220\011\230\204\155\113\152\041\127\213\116\016\220\011\152\041}{subsection.5.2}% 14
\BOOKMARK [3][-]{subsubsection.5.2.2}{\376\377\0005\0003\0008\000\040\116\052\133\236\226\105\116\373\122\241\166\204\147\053\172\357\214\003\136\246}{subsection.5.2}% 15
\BOOKMARK [2][-]{subsection.5.3}{\376\377\225\356\230\230\116\214\377\032\116\224\145\271\124\021\130\236\221\317\116\373\122\241\144\034\175\042}{section.5}% 16
\BOOKMARK [2][-]{subsection.5.4}{\376\377\225\356\230\230\116\011\377\032\171\273\145\143\000\040\000S\000O\000C\000\040\122\250\140\001\211\304\122\022\116\016\120\031\220\011\173\133\220\011}{section.5}% 17
\BOOKMARK [2][-]{subsection.5.5}{\376\377\225\356\230\230\126\333\377\032\116\373\122\241\040\024\120\250\200\375\122\250\140\001\116\244\146\377\144\034\175\042}{section.5}% 18
\BOOKMARK [2][-]{subsection.5.6}{\376\377\176\337\116\000\176\246\147\137\133\241\213\241\116\016\145\271\154\325\217\271\165\114}{section.5}% 19
\BOOKMARK [1][-]{section.6}{\376\377\152\041\127\213\150\300\232\214\116\016\160\165\145\117\136\246\122\006\147\220}{}% 20
\BOOKMARK [2][-]{subsection.6.1}{\376\377\170\154\176\246\147\137\060\001\131\015\173\227\116\016\123\314\217\320\210\114}{section.6}% 21
\BOOKMARK [2][-]{subsection.6.2}{\376\377\225\356\230\230\116\214\123\302\145\160\160\165\145\117\136\246}{section.6}% 22
\BOOKMARK [2][-]{subsection.6.3}{\376\377\176\310\172\357\000\040\000S\000O\000C\000\040\116\016\232\330\137\252\163\257\173\126\165\145\211\343\221\312}{section.6}% 23
\BOOKMARK [1][-]{section.7}{\376\377\152\041\127\213\213\304\116\367\116\016\143\250\136\177}{}% 24
\BOOKMARK [2][-]{subsection.7.1}{\376\377\152\041\127\213\117\030\160\271}{section.7}% 25
\BOOKMARK [2][-]{subsection.7.2}{\376\377\152\041\127\213\116\015\215\263}{section.7}% 26
\BOOKMARK [2][-]{subsection.7.3}{\376\377\143\250\136\177\145\271\124\021}{section.7}% 27
\BOOKMARK [1][-]{section.A}{\376\377\131\015\173\227\215\357\137\204\116\016\150\070\137\303\117\052\116\343\170\001}{}% 28
