\BOOKMARK [1][-]{section*.1}{\376\377\144\130\211\201}{}% 1
\BOOKMARK [1][-]{section.1}{\376\377\225\356\230\230\221\315\217\360}{}% 2
\BOOKMARK [1][-]{section.2}{\376\377\225\356\230\230\122\006\147\220}{}% 3
\BOOKMARK [2][-]{subsection.2.1}{\376\377\225\356\230\230\116\000\122\006\147\220}{section.2}% 4
\BOOKMARK [2][-]{subsection.2.2}{\376\377\225\356\230\230\116\214\122\006\147\220}{section.2}% 5
\BOOKMARK [2][-]{subsection.2.3}{\376\377\225\356\230\230\116\011\122\006\147\220}{section.2}% 6
\BOOKMARK [2][-]{subsection.2.4}{\376\377\225\356\230\230\126\333\122\006\147\220}{section.2}% 7
\BOOKMARK [2][-]{subsection.2.5}{\376\377\133\120\225\356\230\230\225\364\166\204\210\124\143\245\121\163\174\373}{section.2}% 8
\BOOKMARK [1][-]{section.3}{\376\377\152\041\127\213\120\107\213\276}{}% 9
\BOOKMARK [1][-]{section.4}{\376\377\173\046\123\367\213\364\146\016}{}% 10
\BOOKMARK [1][-]{section.5}{\376\377\152\041\127\213\166\204\136\372\172\313\116\016\154\102\211\343}{}% 11
\BOOKMARK [2][-]{subsection.5.1}{\376\377\145\160\143\156\230\204\131\004\164\006\116\016\176\337\116\000\213\241\221\317\123\343\137\204}{section.5}% 12
\BOOKMARK [2][-]{subsection.5.2}{\376\377\225\356\230\230\116\000\377\032\227\000\154\102\230\204\155\113\116\016\127\372\170\100\173\227\122\233\214\003\136\246}{section.5}% 13
\BOOKMARK [3][-]{subsubsection.5.2.1}{\376\377\000G\000P\000U\000\040\227\000\154\102\176\337\213\241\116\016\230\204\155\113\152\041\127\213}{subsection.5.2}% 14
\BOOKMARK [3][-]{subsubsection.5.2.2}{\376\377\116\373\122\241\120\031\220\011\127\337\116\016\133\271\221\317\176\246\147\137}{subsection.5.2}% 15
\BOOKMARK [3][-]{subsubsection.5.2.3}{\376\377\133\236\226\105\214\003\136\246\173\227\154\325\116\016\116\343\210\150\140\047\176\323\147\234}{subsection.5.2}% 16
\BOOKMARK [2][-]{subsection.5.3}{\376\377\225\356\230\230\116\214\377\032\145\340\120\250\200\375\170\263\141\037\167\345\116\373\122\241\214\003\136\246}{section.5}% 17
\BOOKMARK [2][-]{subsection.5.4}{\376\377\225\356\230\230\116\011\377\032\126\372\133\232\215\037\203\167\116\013\166\204\120\250\200\375\123\117\124\014\152\041\127\213}{section.5}% 18
\BOOKMARK [2][-]{subsection.5.5}{\376\377\225\356\230\230\126\333\377\032\173\227\040\024\120\250\040\024\165\065\200\124\124\010\214\003\136\246\116\016\140\305\146\157\131\015\173\227}{section.5}% 19
\BOOKMARK [2][-]{subsection.5.6}{\376\377\176\337\116\000\176\246\147\137\133\241\213\241}{section.5}% 20
\BOOKMARK [1][-]{section.6}{\376\377\152\041\127\213\166\204\150\300\232\214\116\016\160\165\145\117\136\246\122\006\147\220}{}% 21
\BOOKMARK [2][-]{subsection.6.1}{\376\377\215\055\165\065\116\367\150\074\160\165\145\117\136\246}{section.6}% 22
\BOOKMARK [2][-]{subsection.6.2}{\376\377\145\260\200\375\156\220\154\064\136\163\160\165\145\117\136\246}{section.6}% 23
\BOOKMARK [1][-]{section.7}{\376\377\152\041\127\213\166\204\213\304\116\367\116\016\143\250\136\177}{}% 24
\BOOKMARK [2][-]{subsection.7.1}{\376\377\152\041\127\213\166\204\117\030\160\271}{section.7}% 25
\BOOKMARK [2][-]{subsection.7.2}{\376\377\152\041\127\213\166\204\116\015\215\263}{section.7}% 26
\BOOKMARK [2][-]{subsection.7.3}{\376\377\152\041\127\213\166\204\143\250\136\177}{section.7}% 27
\BOOKMARK [1][-]{section.A}{\376\377\172\013\136\217\116\343\170\001}{}% 28
