结果: 正式求解开始
结果: 问题二完整复算候选上限=50000
结果: 输入读取完成, 耗时=20.001秒
结果: 输入校验完成, 耗时=20.035秒
结果: 问题一预测完成, 耗时=36.926秒
结果: 问题一可行构造完成, 任务数=50000, 耗时=55.704秒
结果: 问题二有限搜索完成, 检查候选数=50000, 耗时=117.899秒
结果: 问题三储能搜索完成, 检查候选数=7, 耗时=260.230秒
结果: 问题四任务候选数=1, 情景候选评价数=22200, 最少交替轮数=2, 耗时=1693.734秒
结果: 问题二运行成本=-421801727.450178
结果: 问题二碳排放=16.516041
结果: 问题二局部搜索状态=improved
结果: 问题二检查候选数=50000
结果: 问题三运行成本=-458584632.332922
结果: 问题三储能搜索状态=pareto_selected
结果: 问题三检查候选数=7
结果: 问题四联合运行成本=-458716347.974085
结果: 问题四联合搜索状态=pareto_selected
结果: 约束满足=True
结果: full_horizon_feasible=True
结果: non_Pareto=true
结果: global_optimality_certificate=false
